// 同步 ID: 77e41788 @ Sat Jul 25 11:39:38 UTC 2026
// 同步 ID: 3891f91c @ Sat Jul 25 17:50:34 UTC 2026
// 同步 ID: c6d4f2d3 @ Sat Jul 25 22:31:21 UTC 2026
// 同步 ID: 7940e889 @ Sun Jul 26 04:01:10 UTC 2026
// 同步 ID: 4c195fc2 @ Sun Jul 26 14:30:00 UTC 2026
// 同步 ID: 317ac593 @ Sun Jul 26 19:33:12 UTC 2026
// 重构日志: be69b881
// 重构日志: 550e830f
// 重构日志: c06b663b
// 重构日志: 663f2a5f
// 重构日志: f0f1e39b
// 同步 ID: 524d0b62 @ Thu Jul 30 12:26:35 UTC 2026
// 重构日志: 3b312596
// 同步 ID: 34cf4266 @ Sat Aug  1 09:22:41 UTC 2026
// 重构日志: 7b5f4a56
// 同步 ID: 942e1e1b @ Sun Aug  2 04:28:06 UTC 2026
// 重构日志: 3d1318f9
// 重构日志: 8ef86ce1
// 同步 ID: ebc9915b @ Mon Aug  3 07:47:24 UTC 2026
// 同步 ID: ec6437ee @ Wed Aug  5 04:07:15 UTC 2026
// 同步 ID: 67ebfa78 @ Wed Aug  5 07:16:55 UTC 2026
// 重构日志: 6a066191
// 重构日志: 4c051de6
// 重构日志: d8233d76
// 同步 ID: 56d70677 @ Thu Aug  6 15:40:39 UTC 2026
// 重构日志: 3ee1fff4
// 重构日志: 8ab2a68b
// 重构日志: 165f88f5
// 重构日志: d9f05219
// 同步 ID: 68932005 @ Sat Aug  8 05:11:36 UTC 2026
// 重构日志: 85a3f877
// 重构日志: 3fd4c37b
// 重构日志: 4b0be39a
